// Jest Snapshot v1, https://goo.gl/fbAQLP

exports[`App renders correctly 1`] = `
<div
  className="App"
>
  <div
    className="sc-bczRLJ gUDtTg"
  >
    <h2
      className="sc-gsnTZi dayyfU"
    >
      Math Magicians
    </h2>
    <div
      className="sc-dkzDqf bxKzAV"
    >
      <a
        href="/"
        onClick={[Function]}
      >
        Home |
      </a>
      <a
        href="/calculator"
        onClick={[Function]}
      >
        Calculator |
      </a>
      <a
        href="/quotes"
        onClick={[Function]}
      >
        Quotes
      </a>
    </div>
  </div>
  <div
    className="sc-hKMtZM buVsdN"
  >
    <h4
      className="sc-eCYdqJ jBlsKL"
    >
      Welcome to our page!
    </h4>
    <article>
      <p>
        Emmet Abbreviation Lorem, ipsum dolor sit amet consectetur adipisicing elit. Praesentium facere numquam nobis minus ipsam quaerat doloremque aliquam suscipit vero, vitae dolorem ab laboriosam laudantium voluptatum magni libero iusto error eos?
      </p>
      <br />
      <p>
        Emmet Abbreviation Lorem, ipsum dolor sit amet consectetur adipisicing elit. Praesentium facere numquam nobis minus ipsam quaerat doloremque aliquam suscipit vero, vitae dolorem ab laboriosam laudantium voluptatum magni libero iusto error eos?
      </p>
    </article>
  </div>
</div>
`;
